// Jest Snapshot v1, https://goo.gl/fbAQLP

exports[`<ArticlesSingle /> shows a nice error message 1`] = `
<View
  style={
    Array [
      Object {
        "backgroundColor": "#fff",
        "flex": 1,
        "height": 1334,
      },
      Object {
        "flex": 1,
      },
    ]
  }
>
  <View
    style={
      Array [
        Object {},
        Object {
          "alignSelf": "center",
        },
      ]
    }
  >
    <View
      style={
        Array [
          Object {},
          Object {
            "flex": 1,
            "height": 20,
          },
        ]
      }
    />
    <Text
      style={
        Array [
          Object {
            "color": "#000",
            "fontSize": 21,
            "lineHeight": 22,
          },
          Object {
            "textAlign": "center",
          },
        ]
      }
    >
      Uh oh
    </Text>
    <Text
      style={
        Array [
          Object {
            "color": "#000",
            "fontFamily": "System",
            "fontSize": 16,
          },
          Object {
            "marginBottom": 20,
            "textAlign": "center",
          },
        ]
      }
      uppercase={false}
    >
      This article could not be found
    </Text>
    <View
      style={
        Array [
          Object {},
          Object {
            "flex": 1,
            "height": 20,
          },
        ]
      }
    />
  </View>
</View>
`;

exports[`<ArticlesSingle /> shows an article correctly 1`] = `
<View
  style={
    Object {
      "backgroundColor": "#fff",
      "flex": 1,
      "height": 1334,
    }
  }
>
  <ScrollView
    automaticallyAdjustContentInsets={false}
    contentContainerStyle={
      Array [
        Object {
          "padding": 10,
        },
        undefined,
      ]
    }
    contentInset={
      Object {
        "bottom": 0,
      }
    }
    enableAutomaticScroll={true}
    enableOnAndroid={false}
    enableResetScrollToCoords={true}
    extraHeight={75}
    extraScrollHeight={0}
    getScrollResponder={[Function]}
    handleOnScroll={[Function]}
    keyboardDismissMode="interactive"
    keyboardOpeningTime={250}
    keyboardShouldPersistTaps="handled"
    keyboardSpace={0}
    onScroll={[Function]}
    padder={true}
    resetKeyboardSpace={[Function]}
    resetScrollToCoords={
      Object {
        "x": 0,
        "y": 0,
      }
    }
    scrollEventThrottle={1}
    scrollForExtraHeightOnAndroid={[Function]}
    scrollIntoView={[Function]}
    scrollToEnd={[Function]}
    scrollToFocusedInput={[Function]}
    scrollToPosition={[Function]}
    showsVerticalScrollIndicator={true}
    style={
      Object {
        "backgroundColor": "transparent",
        "flex": 1,
      }
    }
    update={[Function]}
    viewIsInsideTabBar={false}
  >
    <View
      style={
        Array [
          Object {},
          Object {
            "flex": 1,
            "height": 25,
          },
        ]
      }
    />
    <Text
      style={
        Object {
          "color": "#000",
          "fontSize": 21,
          "lineHeight": 22,
        }
      }
    >
      ABC
    </Text>
    <View
      style={
        Array [
          Object {},
          Object {
            "flex": 1,
            "height": 15,
          },
        ]
      }
    />
    <View
      style={
        Object {
          "backgroundColor": "#fff",
          "borderBottomWidth": 0.5,
          "borderColor": "#ccc",
          "borderLeftWidth": 0.5,
          "borderRadius": 2,
          "borderRightWidth": 0.5,
          "borderTopWidth": 0.5,
          "elevation": 3,
          "flexWrap": "nowrap",
          "marginBottom": 5,
          "marginLeft": 2,
          "marginRight": 2,
          "marginTop": 5,
          "shadowColor": "#000",
          "shadowOffset": Object {
            "height": 2,
            "width": 0,
          },
          "shadowOpacity": 0.1,
          "shadowRadius": 1.5,
        }
      }
    >
      <View
        bordered={true}
        header={true}
        style={
          Object {
            "alignItems": "center",
            "backgroundColor": "#fff",
            "borderBottomWidth": 0.5,
            "borderColor": "#ccc",
            "borderRadius": 2,
            "flexDirection": "row",
            "paddingBottom": 15,
            "paddingLeft": 15,
            "paddingRight": 15,
            "paddingTop": 15,
          }
        }
      >
        <Text
          style={
            Object {
              "color": "#007aff",
              "fontFamily": "System",
              "fontSize": 16,
              "fontWeight": "600",
            }
          }
          uppercase={false}
        >
          Content
        </Text>
      </View>
      <View
        style={
          Object {
            "alignItems": "center",
            "backgroundColor": "#fff",
            "borderRadius": 2,
            "flexDirection": "row",
            "paddingBottom": 10,
            "paddingLeft": 15,
            "paddingRight": 15,
            "paddingTop": 10,
          }
        }
      >
        <View
          style={
            Object {
              "alignItems": "flex-start",
              "alignSelf": "stretch",
              "flex": 1,
            }
          }
        >
          <Text
            style={
              Object {
                "color": "#000",
                "fontFamily": "System",
                "fontSize": 16,
              }
            }
            uppercase={false}
          >
            DEF
          </Text>
        </View>
      </View>
    </View>
    <View
      style={
        Array [
          Object {},
          Object {
            "flex": 1,
            "height": 20,
          },
        ]
      }
    />
  </ScrollView>
</View>
`;
